<?xml version="1.0"?>


<fo:block xmlns:fo="http://www.w3.org/1999/XSL/Format" quadding="start" font-size="12pt" font-weight="bold">this is the heading</fo:block>


